// Jest Snapshot v1, https://goo.gl/fbAQLP

exports[`Calculator page of the App Builds the snapchot of the Calculator component safely 1`] = `
Array [
  <h2>
    Lets do some math!
  </h2>,
  <div
    className="calc-wrap"
  >
    <div
      id="input"
    >
      0
       
       
    </div>
    <div
      id="row1"
    >
      <button
        className="op"
        onClick={[Function]}
        type="button"
      >
        AC
      </button>
      <button
        className="op"
        onClick={[Function]}
        type="button"
      >
        +/-
      </button>
      <button
        className="op"
        onClick={[Function]}
        type="button"
      >
        %
      </button>
      <button
        className="operator"
        onClick={[Function]}
        type="button"
      >
        รท
      </button>
    </div>
    <div
      id="row2"
    >
      <button
        className="number"
        id="7"
        onClick={[Function]}
        type="button"
      >
        7
      </button>
      <button
        className="number"
        id="8"
        onClick={[Function]}
        type="button"
      >
        8
      </button>
      <button
        className="number"
        id="9"
        onClick={[Function]}
        type="button"
      >
        9
      </button>
      <button
        className="operator"
        onClick={[Function]}
        type="button"
      >
        x
      </button>
    </div>
    <div
      id="row3"
    >
      <button
        className="number"
        id="4"
        onClick={[Function]}
        type="button"
      >
        4
      </button>
      <button
        className="number"
        id="5"
        onClick={[Function]}
        type="button"
      >
        5
      </button>
      <button
        className="number"
        id="6"
        onClick={[Function]}
        type="button"
      >
        6
      </button>
      <button
        className="operator"
        onClick={[Function]}
        type="button"
      >
        -
      </button>
    </div>
    <div
      id="row4"
    >
      <button
        className="number"
        id="1"
        onClick={[Function]}
        type="button"
      >
        1
      </button>
      <button
        className="number"
        id="2"
        onClick={[Function]}
        type="button"
      >
        2
      </button>
      <button
        className="number"
        id="3"
        onClick={[Function]}
        type="button"
      >
        3
      </button>
      <button
        className="operator"
        onClick={[Function]}
        type="button"
      >
        +
      </button>
    </div>
    <div
      id="row5"
    >
      <button
        id="n0"
        onClick={[Function]}
        type="button"
      >
        0
      </button>
      <button
        className="number"
        onClick={[Function]}
        type="button"
      >
        .
      </button>
      <button
        className="operator"
        onClick={[Function]}
        type="button"
      >
        =
      </button>
    </div>
  </div>,
]
`;
